node : C:\Users\var
un\Desktop\Exl_desi
gn project\backend\
routes\authRoutes.j
s:3
At line:1 char:1
+ node server.js 
2> error_log.txt
+ ~~~~~~~~~~~~~~~~~
~~~~~~~~~~~~~~
    + CategoryInfo 
             : No  
  tSpecified: (C   
 :\Users\varun\    
...authRoutes.    
js:3:String) [    
], RemoteExcep    
tion
    + FullyQualifi 
   edErrorId : Na  
  tiveCommandErr   
 or
 
router.post('/regis
ter', 
registerUser);
^

ReferenceError: 
router is not 
defined
    at 
Object.<anonymous> 
(C:\Users\varun\Des
ktop\Exl_design pro
ject\backend\routes
\authRoutes.js:3:1)
    at 
Module._compile (no
de:internal/modules
/cjs/loader:1688:14
)
    at Object..js (
node:internal/modul
es/cjs/loader:1820:
10)
    at Module.load 
(node:internal/modu
les/cjs/loader:1423
:32)
    at 
Function._load (nod
e:internal/modules/
cjs/loader:1246:12)
    at TracingChann
el.traceSync (node:
diagnostics_channel
:322:14)
    at 
wrapModuleLoad (nod
e:internal/modules/
cjs/loader:235:24)
    at 
Module.require (nod
e:internal/modules/
cjs/loader:1445:12)
    at require (nod
e:internal/modules/
helpers:135:16)
    at 
Object.<anonymous> 
(C:\Users\varun\Des
ktop\Exl_design pro
ject\backend\server
.js:8:20)

Node.js v22.18.0
